Microchip MPLAB XC8 Compiler V3.00

Linker command line:

-W-3 \
  --edf=C:\Program Files\Microchip\xc8\v3.00\pic\dat\20241204225717_en.msgs \
  -cn -h+dist/default/production\faseB.X.production.sym \
  --cmf=dist/default/production\faseB.X.production.cmf -z -Q18F4321 \
  -oC:\Users\alvar\AppData\Local\Temp\xcAs950.\driver_tmp_3.o \
  --defsym=__MPLAB_BUILD=1 --fixupoverflow=error \
  -Mdist/default/production/faseB.X.production.map \
  --md=C:\Users\alvar\AppData\Local\Temp\xcAs950.\driver_tmp_0.dat -E1 \
  -ver=XC8 Compiler -ACODE=00h-01FFFh -ACONST=00h-01FFFh \
  -ASMALLCONST=0200h-02FFhx30 -AMEDIUMCONST=0200h-01FFFh -ACOMRAM=01h-07Fh \
  -AABS1=00h-01FFh -ABIGRAM=01h-01FFh -ARAM=080h-0FFh,0100h-01FFh \
  -ABANK0=080h-0FFh -ABANK1=0100h-01FFh -ASFR=0F80h-0FFFh \
  -ABIGSFR=0F80h-0FFFh -ACONFIG=0300000h-030000Dh -AIDLOC=0200000h-0200007h \
  -AEEDATA=0F00000h-0F000FFh -peeprom_data=EEDATA \
  -preset_vec=00h,intcode=8h,intcodelo=18h,sivt_lo,sivt_hi=CODE \
  -ppowerup=CODE,init -pramtop=0200h -psmallconst=SMALLCONST \
  -pmediumconst=MEDIUMCONST -pconst=CONST -AFARRAM=00h-00h \
  -prdata=COMRAM,nvrram=COMRAM,nvbit=COMRAM,rbss=COMRAM,rbit=COMRAM \
  -pfarbss=FARRAM,fardata=FARRAM,nvFARRAM=FARRAM \
  -pintsave_regs=BIGRAM,bigbss=BIGRAM,bigdata=BIGRAM -pbss=RAM \
  -pidata=CODE,irdata=CODE,ibigdata=CODE,ifardata=CODE -prparam=COMRAM \
  C:\Users\alvar\AppData\Local\Temp\xcAs950.\driver_tmp_9.o \
  dist/default/production\faseB.X.production.o 

Object code version is 3.11

Machine type is 18F4321



                Name                               Link     Load   Length Selector   Space Scale
C:\Users\alvar\AppData\Local\Temp\xcAs950.\driver_tmp_9.o
                idloc                            200000   200000        8        0       5
                config                           300000   300000        E        0       4
                init                                 14       14        4        4       0
                reset_vec                             0        0        4        0       0
dist/default/production\faseB.X.production.o
                intcode                               8        8        C        4       0
                idloc                            200000   200000        8        0       5
                config                           300000   300000        E        0       4
                temp                                 7F       7F        1        1       1
                smallconst                          200      200       BE      100       0
                text120                            1F28     1F28       1A      15F       0
                text118                            1F5A     1F5A       18      15F       0
                text117                            1F9E     1F9E       16      15F       0
                text116                            1A1C     1A1C       50      15F       0
                text115                            1E12     1E12       28      15F       0
                text114                            1F0E     1F0E       1A      15F       0
                text113                            1AB6     1AB6       46      15F       0
                text112                            1558     1558       B6      15F       0
                text111                             1C8      1C8        4       AC       0
                text110                             1C4      1C4        4       AC       0
                text109                            1F42     1F42       18      15F       0
                text108                            1DEA     1DEA       28      15F       0
                text107                              78       78        E        4       0
                text106                            1B72     1B72       38      15F       0
                text105                            1DC2     1DC2       28      15F       0
                text104                            1D68     1D68       2E      15F       0
                text103                             108      108        A        4       0
                text102                             1C0      1C0        4       AC       0
                text101                             1BC      1BC        4       AC       0
                text100                             1B8      1B8        4       AC       0
                text99                              1B4      1B4        4       AC       0
                text98                              1B0      1B0        4       AC       0
                text97                              1AC      1AC        4       AC       0
                text96                             1C7E     1C7E       32      15F       0
                text95                              1A8      1A8        4       AC       0
                text94                              1A4      1A4        4       AC       0
                text93                              1A0      1A0        4       AC       0
                text92                              2BE      2BE      36C      15F       0
                text91                               18       18       14        4       0
                text90                             1D3A     1D3A       2E      15F       0
                text89                               B6       B6        C        4       0
                text88                             1FDC     1FDC       14      15F       0
                text87                             1A6C     1A6C       4A      15F       0
                text86                             1E5C     1E5C       22      15F       0
                text85                               6A       6A        E        4       0
                text84                               AA       AA        C        4       0
                text83                              19C      19C        4       AC       0
                text82                              11A      11A        8        4       0
                text81                             1C16     1C16       36      15F       0
                text80                             1E3A     1E3A       22      15F       0
                text79                              BD6      BD6      146      15F       0
                text78                              112      112        8        4       0
                text77                             160E     160E       A2      15F       0
                text76                               3E       3E       10        4       0
                text75                              198      198        4       AC       0
                text74                             1B3A     1B3A       38      15F       0
                text73                             1D96     1D96       2C      15F       0
                text72                             1F88     1F88       16      15F       0
                text71                              E60      E60      120      15F       0
                text70                             196E     196E       5C      15F       0
                text69                             1FC8     1FC8       14      15F       0
                text68                              194      194        4       AC       0
                text67                              190      190        4       AC       0
                text66                              18C      18C        4       AC       0
                text65                             1D0C     1D0C       2E      15F       0
                text64                             1CDE     1CDE       2E      15F       0
                text63                             1BE0     1BE0       36      15F       0
                text62                             1BAA     1BAA       36      15F       0
                text61                             125E     125E       CC      15F       0
                text60                              188      188        4       AC       0
                text59                              14C      14C        6        4       0
                text58                              146      146        6        4       0
                text57                              184      184        4       AC       0
                text56                             1834     1834       6C      15F       0
                text55                             19CA     19CA       52      15F       0
                text54                               FE       FE        A        4       0
                text53                               F4       F4        A        4       0
                text52                               EA       EA        A        4       0
                text51                               E0       E0        A        4       0
                text50                               D6       D6        A        4       0
                text49                               CC       CC        A        4       0
                text48                               5C       5C        E        4       0
                text47                             1FF0     1FF0       10      15F       0
                text46                              140      140        6        4       0
                text45                              85E      85E      1EA      15F       0
                text44                              180      180        4       AC       0
                text43                               C2       C2        A        4       0
                text42                             17B8     17B8       7C      15F       0
                text41                              13A      13A        6        4       0
                text40                              17C      17C        4       AC       0
                text39                             1F72     1F72       16      15F       0
                text38                              134      134        6        4       0
                text37                             1ED8     1ED8       1C      15F       0
                text36                             1EF4     1EF4       1A      15F       0
                text35                               4E       4E        E        4       0
                text34                             1C4C     1C4C       32      15F       0
                text33                               9E       9E        C        4       0
                text32                             1908     1908       66      15F       0
                text31                              178      178        4       AC       0
                text30                             1096     1096       F6      15F       0
                text29                              174      174        4       AC       0
                text28                              170      170        4       AC       0
                text27                              12E      12E        6        4       0
                text26                              16C      16C        4       AC       0
                text25                              168      168        4       AC       0
                text24                             16B0     16B0       8C      15F       0
                text23                             1FB4     1FB4       14      15F       0
                text22                             1CB0     1CB0       2E      15F       0
                text21                             14A2     14A2       B6      15F       0
                text20                              164      164        4       AC       0
                text19                              128      128        6        4       0
                text18                              122      122        6        4       0
                text17                              160      160        4       AC       0
                text16                              15C      15C        4       AC       0
                text15                              F80      F80      116      15F       0
                text14                              A48      A48      18E      15F       0
                text13                              158      158        4       AC       0
                text12                               92       92        C        4       0
                text11                             118C     118C       D2      15F       0
                text10                               86       86        C        4       0
                text9                                2C       2C       12        4       0
                text8                              13E6     13E6       BC      15F       0
                text7                              1AFC     1AFC       3E      15F       0
                text6                               62A      62A      234      15F       0
                text5                              1EBA     1EBA       1E      15F       0
                text4                              1E9C     1E9C       1E      15F       0
                text3                              132A     132A       BC      15F       0
                text2                              1E7E     1E7E       1E      15F       0
                text1                               D1C      D1C      144      15F       0
                text0                              18A0     18A0       68      15F       0
                cstackCOMRAM                         52       52       28        1       1
                dataBANK1                           1B6      1B6        2      100       1
                bssBANK1                            100      100       B6      100       1
                dataBANK0                            FE       FE        1       80       1
                bssBANK0                             80       80       7E       80       1
                dataCOMRAM                           7A       7A        5        1       1
                bssCOMRAM                             1        1       51        1       1
                cinit                              173C     173C       7C      15F       0
                idataBANK1                          1CC      1CC        2       AC       0
                idataBANK0                          1CE      1CE        1       AC       0
                idataCOMRAM                         152      152        5        4       0

TOTAL           Name                               Link     Load   Length     Space
        CLASS   CODE           
                intcode                               8        8        C         0
                init                                 14       14        4         0
                reset_vec                             0        0        4         0
                text120                            1F28     1F28       1A         0
                text118                            1F5A     1F5A       18         0
                text117                            1F9E     1F9E       16         0
                text116                            1A1C     1A1C       50         0
                text115                            1E12     1E12       28         0
                text114                            1F0E     1F0E       1A         0
                text113                            1AB6     1AB6       46         0
                text112                            1558     1558       B6         0
                text111                             1C8      1C8        4         0
                text110                             1C4      1C4        4         0
                text109                            1F42     1F42       18         0
                text108                            1DEA     1DEA       28         0
                text107                              78       78        E         0
                text106                            1B72     1B72       38         0
                text105                            1DC2     1DC2       28         0
                text104                            1D68     1D68       2E         0
                text103                             108      108        A         0
                text102                             1C0      1C0        4         0
                text101                             1BC      1BC        4         0
                text100                             1B8      1B8        4         0
                text99                              1B4      1B4        4         0
                text98                              1B0      1B0        4         0
                text97                              1AC      1AC        4         0
                text96                             1C7E     1C7E       32         0
                text95                              1A8      1A8        4         0
                text94                              1A4      1A4        4         0
                text93                              1A0      1A0        4         0
                text92                              2BE      2BE      36C         0
                text91                               18       18       14         0
                text90                             1D3A     1D3A       2E         0
                text89                               B6       B6        C         0
                text88                             1FDC     1FDC       14         0
                text87                             1A6C     1A6C       4A         0
                text86                             1E5C     1E5C       22         0
                text85                               6A       6A        E         0
                text84                               AA       AA        C         0
                text83                              19C      19C        4         0
                text82                              11A      11A        8         0
                text81                             1C16     1C16       36         0
                text80                             1E3A     1E3A       22         0
                text79                              BD6      BD6      146         0
                text78                              112      112        8         0
                text77                             160E     160E       A2         0
                text76                               3E       3E       10         0
                text75                              198      198        4         0
                text74                             1B3A     1B3A       38         0
                text73                             1D96     1D96       2C         0
                text72                             1F88     1F88       16         0
                text71                              E60      E60      120         0
                text70                             196E     196E       5C         0
                text69                             1FC8     1FC8       14         0
                text68                              194      194        4         0
                text67                              190      190        4         0
                text66                              18C      18C        4         0
                text65                             1D0C     1D0C       2E         0
                text64                             1CDE     1CDE       2E         0
                text63                             1BE0     1BE0       36         0
                text62                             1BAA     1BAA       36         0
                text61                             125E     125E       CC         0
                text60                              188      188        4         0
                text59                              14C      14C        6         0
                text58                              146      146        6         0
                text57                              184      184        4         0
                text56                             1834     1834       6C         0
                text55                             19CA     19CA       52         0
                text54                               FE       FE        A         0
                text53                               F4       F4        A         0
                text52                               EA       EA        A         0
                text51                               E0       E0        A         0
                text50                               D6       D6        A         0
                text49                               CC       CC        A         0
                text48                               5C       5C        E         0
                text47                             1FF0     1FF0       10         0
                text46                              140      140        6         0
                text45                              85E      85E      1EA         0
                text44                              180      180        4         0
                text43                               C2       C2        A         0
                text42                             17B8     17B8       7C         0
                text41                              13A      13A        6         0
                text40                              17C      17C        4         0
                text39                             1F72     1F72       16         0
                text38                              134      134        6         0
                text37                             1ED8     1ED8       1C         0
                text36                             1EF4     1EF4       1A         0
                text35                               4E       4E        E         0
                text34                             1C4C     1C4C       32         0
                text33                               9E       9E        C         0
                text32                             1908     1908       66         0
                text31                              178      178        4         0
                text30                             1096     1096       F6         0
                text29                              174      174        4         0
                text28                              170      170        4         0
                text27                              12E      12E        6         0
                text26                              16C      16C        4         0
                text25                              168      168        4         0
                text24                             16B0     16B0       8C         0
                text23                             1FB4     1FB4       14         0
                text22                             1CB0     1CB0       2E         0
                text21                             14A2     14A2       B6         0
                text20                              164      164        4         0
                text19                              128      128        6         0
                text18                              122      122        6         0
                text17                              160      160        4         0
                text16                              15C      15C        4         0
                text15                              F80      F80      116         0
                text14                              A48      A48      18E         0
                text13                              158      158        4         0
                text12                               92       92        C         0
                text11                             118C     118C       D2         0
                text10                               86       86        C         0
                text9                                2C       2C       12         0
                text8                              13E6     13E6       BC         0
                text7                              1AFC     1AFC       3E         0
                text6                               62A      62A      234         0
                text5                              1EBA     1EBA       1E         0
                text4                              1E9C     1E9C       1E         0
                text3                              132A     132A       BC         0
                text2                              1E7E     1E7E       1E         0
                text1                               D1C      D1C      144         0
                text0                              18A0     18A0       68         0
                cinit                              173C     173C       7C         0
                idataBANK1                          1CC      1CC        2         0
                idataBANK0                          1CE      1CE        1         0
                idataCOMRAM                         152      152        5         0

        CLASS   CONST          

        CLASS   SMALLCONST     
                smallconst                          200      200       BE         0

        CLASS   MEDIUMCONST    

        CLASS   COMRAM         
                temp                                 7F       7F        1         1
                cstackCOMRAM                         52       52       28         1
                dataCOMRAM                           7A       7A        5         1
                bssCOMRAM                             1        1       51         1

        CLASS   ABS1           

        CLASS   BIGRAM         

        CLASS   RAM            

        CLASS   BANK0          
                dataBANK0                            FE       FE        1         1
                bssBANK0                             80       80       7E         1

        CLASS   BANK1          
                dataBANK1                           1B6      1B6        2         1
                bssBANK1                            100      100       B6         1

        CLASS   SFR            

        CLASS   BIGSFR         

        CLASS   CONFIG         
                config                           300000   300000        E         4

        CLASS   IDLOC          
                idloc                            200000   200000        8         5

        CLASS   EEDATA         

        CLASS   FARRAM         

        CLASS   HEAP           

        CLASS   STACK          



SEGMENTS        Name                           Load    Length   Top    Selector   Space  Class

                reset_vec                      000000  000004  000004         0       0  CODE    
                bssCOMRAM                      000001  00007F  000080         1       1  COMRAM  
                intcode                        000008  00014F  000157         4       0  CODE    
                bssBANK0                       000080  00007F  0000FF        80       1  BANK0   
                bssBANK1                       000100  0000B8  0001B8       100       1  BANK1   
                text13                         000158  000077  0001CF        AC       0  CODE    
                smallconst                     000200  0000BE  0002BE       100       0  SMALLCON
                text92                         0002BE  001D42  002000       15F       0  CODE    


UNUSED ADDRESS RANGES

        Name                Unused          Largest block    Delta
        BANK0            0000FF-0000FF                1
        BANK1            0001B8-0001FF               48
        BIGRAM           0000FF-0000FF                1
                         0001B8-0001FF               48
        BIGSFR           000F80-000FFF               80
        CODE             000004-000007                4
                         000157-000157                1
                         0001CF-0001FF               31
        CONST            000004-000007                4
                         000157-000157                1
                         0001CF-0001FF               31
        EEDATA           F00000-F000FF              100
        RAM              0000FF-0000FF                1
                         0001B8-0001FF               48
        SFR              000F80-000FFF               80

                                  Symbol Table

?_AD_GetMostra                   cstackCOMRAM 000052
?_EEPROM_ReadAnimal              cstackCOMRAM 000052
?_HanPasado208usTX               cstackCOMRAM 00005F
?_HanPasado416us                 cstackCOMRAM 00005F
?_HanPasado624us                 cstackCOMRAM 00005F
?_TI_GetTics                     cstackCOMRAM 000052
?_getCommand                     cstackCOMRAM 000052
?_getData                        cstackCOMRAM 000052
?_getFarmName                    cstackCOMRAM 000052
?_pop                            cstackCOMRAM 000052
AD_Init@quinCanal                cstackCOMRAM 000052
COMMAND_Parse@c                  cstackCOMRAM 000054
DO_SetCowTime@time               cstackCOMRAM 000052
DO_SetFarmName@field             cstackCOMRAM 000052
DO_SetHenTime@time               cstackCOMRAM 000052
DO_SetHorseTime@time             cstackCOMRAM 000052
DO_SetPigTime@time               cstackCOMRAM 000052
EEPROM_GetEstat@a                cstackCOMRAM 000052
EEPROM_GetEstat@diffMin          cstackCOMRAM 000063
EEPROM_GetEstat@horaAct          cstackCOMRAM 000058
EEPROM_GetEstat@minAct           cstackCOMRAM 000059
EEPROM_GetEstat@segAct           cstackCOMRAM 00005A
EEPROM_ReadAnimal@a              cstackCOMRAM 00005A
EEPROM_ReadAnimal@base           cstackCOMRAM 000059
EEPROM_ReadAnimal@index          cstackCOMRAM 000058
EEPROM_WriteAnimal@base          cstackCOMRAM 000058
EEPROM_WriteAnimal@index         cstackCOMRAM 000057
EEPROM_WriteAnimal@tipus         cstackCOMRAM 000056
EEPROM_WriteAnimalSleep@index    cstackCOMRAM 000056
LcGotoXY@Column                  cstackCOMRAM 000064
LcGotoXY@Row                     cstackCOMRAM 000063
LcInit@columns                   cstackCOMRAM 000063
LcPutChar@c                      cstackCOMRAM 000063
MotorLCD@current                 bssBANK0     0000CF
MotorLCD@d                       cstackCOMRAM 000078
MotorLCD@i                       cstackCOMRAM 000079
MotorLCD@idleShown               bssCOMRAM    00004B
MotorLCD@index                   bssCOMRAM    00004C
MotorLCD@m                       cstackCOMRAM 000077
MotorLCD@n                       cstackCOMRAM 000071
MotorLCD@n_253                   cstackCOMRAM 000074
MotorLCD@next_state              bssCOMRAM    00004D
MotorLCD@num_buf                 bssBANK0     0000F1
MotorLCD@state                   bssCOMRAM    00004E
MotorLCD@str                     bssBANK0     0000DE
SIO_Manual_SetFrase@msg          cstackCOMRAM 000052
SIO_Manual_SetFrase@next         cstackCOMRAM 000054
SIO_PutChar@c                    cstackCOMRAM 000052
SIO_SendDataAnimal@F2790         bssBANK0     0000AF
SIO_SendDataAnimal@estat         cstackCOMRAM 000056
SIO_SendDataAnimal@m             cstackCOMRAM 000058
SIO_SendDataAnimal@num           cstackCOMRAM 000055
SIO_SendDataAnimal@tipus         cstackCOMRAM 000057
SIO_SendDataProducts@F2797       bssBANK0     0000A7
SIO_SendDataProducts@llet        cstackCOMRAM 000058
SIO_SendDataProducts@m           cstackCOMRAM 000059
SIO_SendDataProducts@ous         cstackCOMRAM 000056
SIO_SendDataProducts@pernil      cstackCOMRAM 000055
SIO_SendDataProducts@pinzell     cstackCOMRAM 000057
SIO_SendSimple@F2784             bssBANK0     0000B7
SIO_SendSimple@m                 cstackCOMRAM 000056
SIO_SendSimple@tipo              cstackCOMRAM 000055
SIO_SetMsg@msg                   cstackCOMRAM 000053
SIO_SetMsg@nh                    cstackCOMRAM 000054
TI_GetTics@CopiaTicsActual       cstackCOMRAM 00005A
TI_GetTics@TimerHandle           cstackCOMRAM 00005E
TI_Init@counter                  cstackCOMRAM 000052
TI_NewTimer@Comptador            cstackCOMRAM 000054
TI_NewTimer@TimerHandle          cstackCOMRAM 000052
TI_ResetTics@TimerHandle         cstackCOMRAM 000052
_ADCON0                          (abs)        000FC2
_ADCON0bits                      (abs)        000FC2
_ADCON1                          (abs)        000FC1
_ADCON2                          (abs)        000FC0
_ADRESH                          (abs)        000FC4
_ADRESL                          (abs)        000FC3
_AD_GetMostra                    text85       00006A
_AD_HiHaMostra                   text84       0000AA
_AD_IniciaConversio              text83       00019C
_AD_Init                         text118      001F5A
_BAUDCONbits                     (abs)        000FB8
_COMMAND                         bssBANK1     00017B
_COMMAND_Parse                   text42       0017B8
_DATA                            dataBANK1    0001B6
_DATE_ERROR                      smallconst   000233
_DATE_TIME                       bssBANK0     000080
_DATE_TIME_OK                    smallconst   000249
_DO_Initialize                   text41       00013A
_DO_Reset                        text36       001EF4
_DO_SetCowTime                   text54       0000FE
_DO_SetFarmName                  text53       0000F4
_DO_SetHenTime                   text52       0000EA
_DO_SetHorseTime                 text51       0000E0
_DO_SetPigTime                   text50       0000D6
_DT_GetDia                       text111      0001C8
_DT_GetHora                      text68       000194
_DT_GetMes                       text110      0001C4
_DT_GetMin                       text67       000190
_DT_GetSeg                       text66       00018C
_EEADR                           (abs)        000FA9
_EECON1bits                      (abs)        000FA6
_EECON2                          (abs)        000FA7
_EEDATA                          (abs)        000FA8
_EEPROM_GetEstat                 text24       0016B0
_EEPROM_IsBusy                   text69       001FC8
_EEPROM_IsBusy$1906              cstackCOMRAM 000052
_EEPROM_ReadAnimal               text32       001908
_EEPROM_WriteAnimal              text63       001BE0
_EEPROM_WriteAnimalSleep         text35       00004E
_HEADS                           smallconst   000224
_HanPasado208usTX                text2        001E7E
_HanPasado416us                  text5        001EBA
_HanPasado624us                  text4        001E9C
_INTCON2bits                     (abs)        000FF1
_INTCONbits                      (abs)        000FF2
_LATAbits                        (abs)        000F89
_LATCbits                        (abs)        000F8B
_LATD                            (abs)        000F8C
_LATDbits                        (abs)        000F8C
_LcClear                         text109      001F42
_LcGotoXY                        text108      001DEA
_LcGotoXY$233                    cstackCOMRAM 000065
_LcInit                          text112      001558
_LcPutChar                       text107      000078
_MotorLCD                        text92       0002BE
_MotorLCD$261                    cstackCOMRAM 000069
_MotorLCD$262                    cstackCOMRAM 00006B
_MotorLCD$263                    cstackCOMRAM 00006D
_MotorLCD$264                    cstackCOMRAM 00006F
_MyRSI                           intcode      000008
_NOMS                            smallconst   000214
_PIR1bits                        (abs)        000F9E
_PORTBbits                       (abs)        000F81
_PORTCbits                       (abs)        000F82
_Queue                           bssBANK1     00016F
_RCONbits                        (abs)        000FD0
_RCREG                           (abs)        000FAE
_RCSTA                           (abs)        000FAB
_RSI_Timer0                      text120      001F28
_SIO_GetChar                     text13       000158
_SIO_HasSpace                    text23       001FB4
_SIO_Init                        text91       000018
_SIO_Manual_SetFrase             text73       001D96
_SIO_PutChar                     text9        00002C
_SIO_RXAvail                     text12       000092
_SIO_SendDataAnimal              text22       001CB0
_SIO_SendDataProducts            text34       001C4C
_SIO_SendSimple                  text80       001E3A
_SIO_SetMsg                      text81       001C16
_SIO_TXAvail                     text10       000086
_SPBRG                           (abs)        000FAF
_SPBRGH                          (abs)        000FB0
_T0CON                           (abs)        000FD5
_TI_GetTics                      text116      001A1C
_TI_Init                         text90       001D3A
_TI_NewTimer                     text87       001A6C
_TI_ResetTics                    text115      001E12
_TMR0                            (abs)        000FD6
_TMR0IF                          (abs)        007F92
_TRISA                           (abs)        000F92
_TRISAbits                       (abs)        000F92
_TRISCbits                       (abs)        000F94
_TRISD                           (abs)        000F95
_TRISDbits                       (abs)        000F95
_TXREG                           (abs)        000FAD
_TXSTA                           (abs)        000FAC
_Tics                            bssBANK0     0000C7
_Timers                          bssBANK1     000100
__HRAM                           (abs)        000000
__H__absolute__                  __absolute__ 000000
__Habs1                          abs1         000000
__Hbank0                         bank0        000000
__Hbank1                         bank1        000000
__Hbigbss                        bigbss       000000
__Hbigdata                       bigdata      000000
__Hbigram                        bigram       000000
__Hbigsfr                        bigsfr       000000
__Hbss                           bss          000000
__HbssBANK0                      bssBANK0     000000
__HbssBANK1                      bssBANK1     000000
__HbssCOMRAM                     bssCOMRAM    000000
__Hcinit                         cinit        000000
__Hclrtext                       clrtext      000000
__Hcomram                        comram       000000
__Hconfig                        config       30000E
__Hconst                         const        000000
__HcstackCOMRAM                  cstackCOMRAM 000000
__Hdata                          data         000000
__HdataBANK0                     dataBANK0    000000
__HdataBANK1                     dataBANK1    000000
__HdataCOMRAM                    dataCOMRAM   000000
__Heeprom_data                   eeprom_data  000000
__Hfarbss                        farbss       000000
__Hfardata                       fardata      000000
__Hheap                          heap         000000
__Hibigdata                      ibigdata     000000
__Hidata                         idata        000000
__HidataBANK0                    idataBANK0   000000
__HidataBANK1                    idataBANK1   000000
__HidataCOMRAM                   idataCOMRAM  000000
__Hidloc                         idloc        200008
__Hifardata                      ifardata     000000
__Hinit                          init         000018
__Hintcode                       intcode      000014
__Hintcode_body                  intcode_body 000000
__Hintcodelo                     intcodelo    000018
__Hintentry                      intentry     000000
__Hintret                        intret       000000
__Hintsave_regs                  intsave_regs 000000
__Hirdata                        irdata       000000
__Hmediumconst                   mediumconst  000000
__HnvFARRAM                      nvFARRAM     000000
__Hnvbit                         nvbit        000000
__Hnvrram                        nvrram       000000
__Hparam                         rparam       000000
__Hpowerup                       powerup      000000
__Hram                           ram          000000
__Hramtop                        ramtop       000200
__Hrbit                          rbit         000000
__Hrbss                          rbss         000000
__Hrdata                         rdata        000000
__Hreset_vec                     reset_vec    000004
__Hrparam                        rparam       000000
__Hsfr                           sfr          000000
__Hsivt_hi                       sivt_hi      000000
__Hsivt_lo                       sivt_lo      000018
__Hsmallconst                    smallconst   0002BE
__Hspace_0                       (abs)        002000
__Hspace_1                       (abs)        0001B8
__Hspace_2                       (abs)        000000
__Hspace_4                       (abs)        60000E
__Hstack                         stack        000000
__Hstruct                        struct       000000
__Htemp                          temp         000080
__Htext                          text         000000
__Htext0                         text0        000000
__Htext1                         text1        000000
__Htext10                        text10       000000
__Htext100                       text100      000000
__Htext101                       text101      000000
__Htext102                       text102      000000
__Htext103                       text103      000000
__Htext104                       text104      000000
__Htext105                       text105      000000
__Htext106                       text106      000000
__Htext107                       text107      000000
__Htext108                       text108      000000
__Htext109                       text109      000000
__Htext11                        text11       000000
__Htext110                       text110      000000
__Htext111                       text111      000000
__Htext112                       text112      000000
__Htext113                       text113      000000
__Htext114                       text114      000000
__Htext115                       text115      000000
__Htext116                       text116      000000
__Htext117                       text117      000000
__Htext118                       text118      000000
__Htext12                        text12       000000
__Htext120                       text120      000000
__Htext13                        text13       000000
__Htext14                        text14       000000
__Htext15                        text15       000000
__Htext16                        text16       000000
__Htext17                        text17       000000
__Htext18                        text18       000000
__Htext19                        text19       000000
__Htext2                         text2        000000
__Htext20                        text20       000000
__Htext21                        text21       000000
__Htext22                        text22       000000
__Htext23                        text23       000000
__Htext24                        text24       000000
__Htext25                        text25       000000
__Htext26                        text26       000000
__Htext27                        text27       000000
__Htext28                        text28       000000
__Htext29                        text29       000000
__Htext3                         text3        000000
__Htext30                        text30       000000
__Htext31                        text31       000000
__Htext32                        text32       000000
__Htext33                        text33       000000
__Htext34                        text34       000000
__Htext35                        text35       000000
__Htext36                        text36       000000
__Htext37                        text37       000000
__Htext38                        text38       000000
__Htext39                        text39       000000
__Htext4                         text4        000000
__Htext40                        text40       000000
__Htext41                        text41       000000
__Htext42                        text42       000000
__Htext43                        text43       000000
__Htext44                        text44       000000
__Htext45                        text45       000000
__Htext46                        text46       000000
__Htext47                        text47       000000
__Htext48                        text48       000000
__Htext49                        text49       000000
__Htext5                         text5        000000
__Htext50                        text50       000000
__Htext51                        text51       000000
__Htext52                        text52       000000
__Htext53                        text53       000000
__Htext54                        text54       000000
__Htext55                        text55       000000
__Htext56                        text56       000000
__Htext57                        text57       000000
__Htext58                        text58       000000
__Htext59                        text59       000000
__Htext6                         text6        000000
__Htext60                        text60       000000
__Htext61                        text61       000000
__Htext62                        text62       000000
__Htext63                        text63       000000
__Htext64                        text64       000000
__Htext65                        text65       000000
__Htext66                        text66       000000
__Htext67                        text67       000000
__Htext68                        text68       000000
__Htext69                        text69       000000
__Htext7                         text7        000000
__Htext70                        text70       000000
__Htext71                        text71       000000
__Htext72                        text72       000000
__Htext73                        text73       000000
__Htext74                        text74       000000
__Htext75                        text75       000000
__Htext76                        text76       000000
__Htext77                        text77       000000
__Htext78                        text78       000000
__Htext79                        text79       000000
__Htext8                         text8        000000
__Htext80                        text80       000000
__Htext81                        text81       000000
__Htext82                        text82       000000
__Htext83                        text83       000000
__Htext84                        text84       000000
__Htext85                        text85       000000
__Htext86                        text86       000000
__Htext87                        text87       000000
__Htext88                        text88       000000
__Htext89                        text89       000000
__Htext9                         text9        000000
__Htext90                        text90       000000
__Htext91                        text91       000000
__Htext92                        text92       000000
__Htext93                        text93       000000
__Htext94                        text94       000000
__Htext95                        text95       000000
__Htext96                        text96       000000
__Htext97                        text97       000000
__Htext98                        text98       000000
__Htext99                        text99       000000
__LRAM                           (abs)        000001
__L__absolute__                  __absolute__ 000000
__Labs1                          abs1         000000
__Lbank0                         bank0        000000
__Lbank1                         bank1        000000
__Lbigbss                        bigbss       000000
__Lbigdata                       bigdata      000000
__Lbigram                        bigram       000000
__Lbigsfr                        bigsfr       000000
__Lbss                           bss          000000
__LbssBANK0                      bssBANK0     000000
__LbssBANK1                      bssBANK1     000000
__LbssCOMRAM                     bssCOMRAM    000000
__Lcinit                         cinit        000000
__Lclrtext                       clrtext      000000
__Lcomram                        comram       000000
__Lconfig                        config       000000
__Lconst                         const        000000
__LcstackCOMRAM                  cstackCOMRAM 000000
__Ldata                          data         000000
__LdataBANK0                     dataBANK0    000000
__LdataBANK1                     dataBANK1    000000
__LdataCOMRAM                    dataCOMRAM   000000
__Leeprom_data                   eeprom_data  000000
__Lfarbss                        farbss       000000
__Lfardata                       fardata      000000
__Lheap                          heap         000000
__Libigdata                      ibigdata     000000
__Lidata                         idata        000000
__LidataBANK0                    idataBANK0   000000
__LidataBANK1                    idataBANK1   000000
__LidataCOMRAM                   idataCOMRAM  000000
__Lidloc                         idloc        000000
__Lifardata                      ifardata     000000
__Linit                          init         000014
__Lintcode                       intcode      000008
__Lintcode_body                  intcode_body 000000
__Lintcodelo                     intcodelo    000018
__Lintentry                      intentry     000000
__Lintret                        intret       000000
__Lintsave_regs                  intsave_regs 000000
__Lirdata                        irdata       000000
__Lmediumconst                   mediumconst  000000
__LnvFARRAM                      nvFARRAM     000000
__Lnvbit                         nvbit        000000
__Lnvrram                        nvrram       000000
__Lparam                         rparam       000000
__Lpowerup                       powerup      000000
__Lram                           ram          000000
__Lramtop                        ramtop       000200
__Lrbit                          rbit         000000
__Lrbss                          rbss         000000
__Lrdata                         rdata        000000
__Lreset_vec                     reset_vec    000000
__Lrparam                        rparam       000000
__Lsfr                           sfr          000000
__Lsivt_hi                       sivt_hi      000000
__Lsivt_lo                       sivt_lo      000018
__Lsmallconst                    smallconst   000200
__Lspace_0                       (abs)        000000
__Lspace_1                       (abs)        000000
__Lspace_2                       (abs)        000000
__Lspace_4                       (abs)        000000
__Lstack                         stack        000000
__Lstruct                        struct       000000
__Ltemp                          temp         00007F
__Ltext                          text         000000
__Ltext0                         text0        000000
__Ltext1                         text1        000000
__Ltext10                        text10       000000
__Ltext100                       text100      000000
__Ltext101                       text101      000000
__Ltext102                       text102      000000
__Ltext103                       text103      000000
__Ltext104                       text104      000000
__Ltext105                       text105      000000
__Ltext106                       text106      000000
__Ltext107                       text107      000000
__Ltext108                       text108      000000
__Ltext109                       text109      000000
__Ltext11                        text11       000000
__Ltext110                       text110      000000
__Ltext111                       text111      000000
__Ltext112                       text112      000000
__Ltext113                       text113      000000
__Ltext114                       text114      000000
__Ltext115                       text115      000000
__Ltext116                       text116      000000
__Ltext117                       text117      000000
__Ltext118                       text118      000000
__Ltext12                        text12       000000
__Ltext120                       text120      000000
__Ltext13                        text13       000000
__Ltext14                        text14       000000
__Ltext15                        text15       000000
__Ltext16                        text16       000000
__Ltext17                        text17       000000
__Ltext18                        text18       000000
__Ltext19                        text19       000000
__Ltext2                         text2        000000
__Ltext20                        text20       000000
__Ltext21                        text21       000000
__Ltext22                        text22       000000
__Ltext23                        text23       000000
__Ltext24                        text24       000000
__Ltext25                        text25       000000
__Ltext26                        text26       000000
__Ltext27                        text27       000000
__Ltext28                        text28       000000
__Ltext29                        text29       000000
__Ltext3                         text3        000000
__Ltext30                        text30       000000
__Ltext31                        text31       000000
__Ltext32                        text32       000000
__Ltext33                        text33       000000
__Ltext34                        text34       000000
__Ltext35                        text35       000000
__Ltext36                        text36       000000
__Ltext37                        text37       000000
__Ltext38                        text38       000000
__Ltext39                        text39       000000
__Ltext4                         text4        000000
__Ltext40                        text40       000000
__Ltext41                        text41       000000
__Ltext42                        text42       000000
__Ltext43                        text43       000000
__Ltext44                        text44       000000
__Ltext45                        text45       000000
__Ltext46                        text46       000000
__Ltext47                        text47       000000
__Ltext48                        text48       000000
__Ltext49                        text49       000000
__Ltext5                         text5        000000
__Ltext50                        text50       000000
__Ltext51                        text51       000000
__Ltext52                        text52       000000
__Ltext53                        text53       000000
__Ltext54                        text54       000000
__Ltext55                        text55       000000
__Ltext56                        text56       000000
__Ltext57                        text57       000000
__Ltext58                        text58       000000
__Ltext59                        text59       000000
__Ltext6                         text6        000000
__Ltext60                        text60       000000
__Ltext61                        text61       000000
__Ltext62                        text62       000000
__Ltext63                        text63       000000
__Ltext64                        text64       000000
__Ltext65                        text65       000000
__Ltext66                        text66       000000
__Ltext67                        text67       000000
__Ltext68                        text68       000000
__Ltext69                        text69       000000
__Ltext7                         text7        000000
__Ltext70                        text70       000000
__Ltext71                        text71       000000
__Ltext72                        text72       000000
__Ltext73                        text73       000000
__Ltext74                        text74       000000
__Ltext75                        text75       000000
__Ltext76                        text76       000000
__Ltext77                        text77       000000
__Ltext78                        text78       000000
__Ltext79                        text79       000000
__Ltext8                         text8        000000
__Ltext80                        text80       000000
__Ltext81                        text81       000000
__Ltext82                        text82       000000
__Ltext83                        text83       000000
__Ltext84                        text84       000000
__Ltext85                        text85       000000
__Ltext86                        text86       000000
__Ltext87                        text87       000000
__Ltext88                        text88       000000
__Ltext89                        text89       000000
__Ltext9                         text9        000000
__Ltext90                        text90       000000
__Ltext91                        text91       000000
__Ltext92                        text92       000000
__Ltext93                        text93       000000
__Ltext94                        text94       000000
__Ltext95                        text95       000000
__Ltext96                        text96       000000
__Ltext97                        text97       000000
__Ltext98                        text98       000000
__Ltext99                        text99       000000
__S0                             (abs)        002000
__S1                             (abs)        0001B8
__S4                             (abs)        000000
__S5                             (abs)        000000
___heap_hi                       (abs)        000000
___heap_lo                       (abs)        000000
___inthi_sp                      stack        000000
___inthi_stack_hi                stack        000000
___inthi_stack_lo                stack        000000
___intlo_sp                      stack        000000
___intlo_stack_hi                stack        000000
___intlo_stack_lo                stack        000000
___lbdiv                         text106      001B72
___lbdiv@counter                 cstackCOMRAM 000054
___lbdiv@dividend                cstackCOMRAM 000053
___lbdiv@divisor                 cstackCOMRAM 000052
___lbdiv@quotient                cstackCOMRAM 000055
___lbmod                         text105      001DC2
___lbmod@counter                 cstackCOMRAM 000058
___lbmod@dividend                cstackCOMRAM 000057
___lbmod@divisor                 cstackCOMRAM 000056
___lbmod@rem                     cstackCOMRAM 000059
___param_bank                    (abs)        000000
___rparam_used                   (abs)        000001
___sp                            stack        000000
___stack_hi                      stack        000000
___stack_lo                      stack        000000
__accesstop                      (abs)        000080
__activetblptr                   (abs)        000002
__end_of_AD_GetMostra            text85       000078
__end_of_AD_HiHaMostra           text84       0000B6
__end_of_AD_IniciaConversio      text83       0001A0
__end_of_AD_Init                 text118      001F72
__end_of_COMMAND_Parse           text42       001834
__end_of_DATE_ERROR              smallconst   00023E
__end_of_DATE_TIME_OK            smallconst   000251
__end_of_DO_Initialize           text41       000140
__end_of_DO_Reset                text36       001F0E
__end_of_DO_SetCowTime           text54       000108
__end_of_DO_SetFarmName          text53       0000FE
__end_of_DO_SetHenTime           text52       0000F4
__end_of_DO_SetHorseTime         text51       0000EA
__end_of_DO_SetPigTime           text50       0000E0
__end_of_DT_GetDia               text111      0001CC
__end_of_DT_GetHora              text68       000198
__end_of_DT_GetMes               text110      0001C8
__end_of_DT_GetMin               text67       000194
__end_of_DT_GetSeg               text66       000190
__end_of_EEPROM_GetEstat         text24       00173C
__end_of_EEPROM_IsBusy           text69       001FDC
__end_of_EEPROM_ReadAnimal       text32       00196E
__end_of_EEPROM_WriteAnimal      text63       001C16
__end_of_EEPROM_WriteAnimalSleep text35       00005C
__end_of_HEADS                   smallconst   000226
__end_of_HanPasado208usTX        text2        001E9C
__end_of_HanPasado416us          text5        001ED8
__end_of_HanPasado624us          text4        001EBA
__end_of_LcClear                 text109      001F5A
__end_of_LcGotoXY                text108      001E12
__end_of_LcInit                  text112      00160E
__end_of_LcPutChar               text107      000086
__end_of_MotorLCD                text92       00062A
__end_of_MyRSI                   intcode      000014
__end_of_NOMS                    smallconst   00021C
__end_of_RSI_Timer0              text120      001F42
__end_of_SIO_GetChar             text13       00015C
__end_of_SIO_HasSpace            text23       001FC8
__end_of_SIO_Init                text91       00002C
__end_of_SIO_Manual_SetFrase     text73       001DC2
__end_of_SIO_PutChar             text9        00003E
__end_of_SIO_RXAvail             text12       00009E
__end_of_SIO_SendDataAnimal      text22       001CDE
__end_of_SIO_SendDataProducts    text34       001C7E
__end_of_SIO_SendSimple          text80       001E5C
__end_of_SIO_SetMsg              text81       001C4C
__end_of_SIO_TXAvail             text10       000092
__end_of_TI_GetTics              text116      001A6C
__end_of_TI_Init                 text90       001D68
__end_of_TI_NewTimer             text87       001AB6
__end_of_TI_ResetTics            text115      001E3A
__end_of___lbdiv                 text106      001BAA
__end_of___lbmod                 text105      001DEA
__end_of__initialization         cinit        0017AA
__end_of_addMsgToQueue           text104      001D96
__end_of_animalStr               smallconst   000224
__end_of_buttonPressed           text78       00011A
__end_of_cantaByte               text113      001AFC
__end_of_cantaNibble             text117      001FB4
__end_of_charRecivedSioManual    text76       00004E
__end_of_consume                 text33       0000AA
__end_of_crearAnimal             text62       001BE0
__end_of_dateTimeOk              text60       00018C
__end_of_eepromEnqueue           text65       001D3A
__end_of_eepromWriteHMS          text64       001D0C
__end_of_esperaMs                text114      001F28
__end_of_findAnimalIndex         text30       00118C
__end_of_getCharSioManual        text75       00019C
__end_of_getCmdReady             text44       000184
__end_of_getCommand              text43       0000CC
__end_of_getData                 text49       0000D6
__end_of_getFarmName             text103      000112
__end_of_getFarmNameReady        text48       00006A
__end_of_getNumHuevos            text29       000178
__end_of_getNumLlet              text28       000174
__end_of_getNumPernil            text27       000134
__end_of_getNumPinzells          text26       000170
__end_of_getNumTotalAnimals      text31       00017C
__end_of_getNumUltimoAnimal      text102      0001C4
__end_of_getNumUltimoProducto    text101      0001C0
__end_of_getSleep                text25       00016C
__end_of_getTipusUltimoAnimal    text100      0001BC
__end_of_getTipusUltimoProducto  text99       0001B8
__end_of_handle_GetAnimals       text21       001558
__end_of_handles                 smallconst   000220
__end_of_hayNuevoAnimal          text98       0001B4
__end_of_hayNuevoProducto        text97       0001B0
__end_of_incrementarTiempo       text74       001B72
__end_of_initInterrupts          text89       0000C2
__end_of_initPorts               text88       001FF0
__end_of_initTimers              text86       001E7E
__end_of_main                    text0        001908
__end_of_motorADC                text79       000D1C
__end_of_motorButton             text77       0016B0
__end_of_motorDataTime           text71       000F80
__end_of_motorEEprom             text70       0019CA
__end_of_motorFarm               text61       00132A
__end_of_motorGame               text56       0018A0
__end_of_motorHeartBeat          text55       001A1C
__end_of_motorInitialize         text45       000A48
__end_of_motorParseCommand       text15       001096
__end_of_motorProducts           text14       000BD6
__end_of_motorRecieveCommand     text11       00125E
__end_of_motorSIO                text6        00085E
__end_of_motorSIORecieve         text3        0013E6
__end_of_motorSIOSend            text1        000E60
__end_of_msgSimple               smallconst   00020C
__end_of_nextHead                text82       000122
__end_of_pop                     text96       001CB0
__end_of_resetCommand            text47       002000
__end_of_resetDataTime           text40       000180
__end_of_resetFarm               text39       001F88
__end_of_resetGame               text38       00013A
__end_of_resetNuevoAnimal        text95       0001AC
__end_of_resetNuevoProducto      text94       0001A8
__end_of_resetProducts           text37       001EF4
__end_of_s0                      smallconst   000249
__end_of_s1                      smallconst   000233
__end_of_s2                      smallconst   00027E
__end_of_s3                      smallconst   000261
__end_of_s4                      smallconst   000279
__end_of_s5                      smallconst   00026F
__end_of_s6                      smallconst   000274
__end_of_s7                      smallconst   000281
__end_of_s8                      smallconst   000268
__end_of_s9                      smallconst   000259
__end_of_sendNum                 text8        0014A2
__end_of_sendStr                 text7        001B3A
__end_of_setStartFarm            text59       000152
__end_of_setStartProducts        text58       00014C
__end_of_setTempsFarmsOk         text46       000146
__end_of_sleepReset              text20       000168
__end_of_startGameOk             text93       0001A4
__end_of_startHeartBeat          text19       00012E
__end_of_startRebelion           text18       000128
__end_of_stopHeartBeat           text17       000164
__end_of_stopRebelion            text16       000160
__end_of_tempsFarmsOk            text57       000188
__end_of_tiempos                 smallconst   000214
__end_of_uartTX                  text72       001F9E
__initialization                 cinit        00173C
__mediumconst                    smallconst   000200
__pbssBANK0                      bssBANK0     000080
__pbssBANK1                      bssBANK1     000100
__pbssCOMRAM                     bssCOMRAM    000001
__pcinit                         cinit        00173C
__pcstackCOMRAM                  cstackCOMRAM 000052
__pdataBANK0                     dataBANK0    0000FE
__pdataBANK1                     dataBANK1    0001B6
__pdataCOMRAM                    dataCOMRAM   00007A
__pidataBANK0                    idataBANK0   0001CE
__pidataBANK1                    idataBANK1   0001CC
__pidataCOMRAM                   idataCOMRAM  000152
__pintcode                       intcode      000008
__psmallconst                    smallconst   000200
__ptext0                         text0        0018A0
__ptext1                         text1        000D1C
__ptext10                        text10       000086
__ptext100                       text100      0001B8
__ptext101                       text101      0001BC
__ptext102                       text102      0001C0
__ptext103                       text103      000108
__ptext104                       text104      001D68
__ptext105                       text105      001DC2
__ptext106                       text106      001B72
__ptext107                       text107      000078
__ptext108                       text108      001DEA
__ptext109                       text109      001F42
__ptext11                        text11       00118C
__ptext110                       text110      0001C4
__ptext111                       text111      0001C8
__ptext112                       text112      001558
__ptext113                       text113      001AB6
__ptext114                       text114      001F0E
__ptext115                       text115      001E12
__ptext116                       text116      001A1C
__ptext117                       text117      001F9E
__ptext118                       text118      001F5A
__ptext12                        text12       000092
__ptext120                       text120      001F28
__ptext13                        text13       000158
__ptext14                        text14       000A48
__ptext15                        text15       000F80
__ptext16                        text16       00015C
__ptext17                        text17       000160
__ptext18                        text18       000122
__ptext19                        text19       000128
__ptext2                         text2        001E7E
__ptext20                        text20       000164
__ptext21                        text21       0014A2
__ptext22                        text22       001CB0
__ptext23                        text23       001FB4
__ptext24                        text24       0016B0
__ptext25                        text25       000168
__ptext26                        text26       00016C
__ptext27                        text27       00012E
__ptext28                        text28       000170
__ptext29                        text29       000174
__ptext3                         text3        00132A
__ptext30                        text30       001096
__ptext31                        text31       000178
__ptext32                        text32       001908
__ptext33                        text33       00009E
__ptext34                        text34       001C4C
__ptext35                        text35       00004E
__ptext36                        text36       001EF4
__ptext37                        text37       001ED8
__ptext38                        text38       000134
__ptext39                        text39       001F72
__ptext4                         text4        001E9C
__ptext40                        text40       00017C
__ptext41                        text41       00013A
__ptext42                        text42       0017B8
__ptext43                        text43       0000C2
__ptext44                        text44       000180
__ptext45                        text45       00085E
__ptext46                        text46       000140
__ptext47                        text47       001FF0
__ptext48                        text48       00005C
__ptext49                        text49       0000CC
__ptext5                         text5        001EBA
__ptext50                        text50       0000D6
__ptext51                        text51       0000E0
__ptext52                        text52       0000EA
__ptext53                        text53       0000F4
__ptext54                        text54       0000FE
__ptext55                        text55       0019CA
__ptext56                        text56       001834
__ptext57                        text57       000184
__ptext58                        text58       000146
__ptext59                        text59       00014C
__ptext6                         text6        00062A
__ptext60                        text60       000188
__ptext61                        text61       00125E
__ptext62                        text62       001BAA
__ptext63                        text63       001BE0
__ptext64                        text64       001CDE
__ptext65                        text65       001D0C
__ptext66                        text66       00018C
__ptext67                        text67       000190
__ptext68                        text68       000194
__ptext69                        text69       001FC8
__ptext7                         text7        001AFC
__ptext70                        text70       00196E
__ptext71                        text71       000E60
__ptext72                        text72       001F88
__ptext73                        text73       001D96
__ptext74                        text74       001B3A
__ptext75                        text75       000198
__ptext76                        text76       00003E
__ptext77                        text77       00160E
__ptext78                        text78       000112
__ptext79                        text79       000BD6
__ptext8                         text8        0013E6
__ptext80                        text80       001E3A
__ptext81                        text81       001C16
__ptext82                        text82       00011A
__ptext83                        text83       00019C
__ptext84                        text84       0000AA
__ptext85                        text85       00006A
__ptext86                        text86       001E5C
__ptext87                        text87       001A6C
__ptext88                        text88       001FDC
__ptext89                        text89       0000B6
__ptext9                         text9        00002C
__ptext90                        text90       001D3A
__ptext91                        text91       000018
__ptext92                        text92       0002BE
__ptext93                        text93       0001A0
__ptext94                        text94       0001A4
__ptext95                        text95       0001A8
__ptext96                        text96       001C7E
__ptext97                        text97       0001AC
__ptext98                        text98       0001B0
__ptext99                        text99       0001B4
__ramtop                         ramtop       000200
__smallconst                     smallconst   000200
_addMsgToQueue                   text104      001D68
_animalStr                       smallconst   000220
_animalTimes                     bssBANK0     00009F
_buttonPressed                   text78       000112
_cantaByte                       text113      001AB6
_cantaNibble                     text117      001F9E
_charRecivedSioManual            text76       00003E
_cmd_ready                       bssCOMRAM    00001E
_cola                            bssBANK1     0001A6
_cola@TTL_MANUAL_SEND$F1808      bssBANK1     00015F
_consume                         text33       00009E
_consumePending                  bssCOMRAM    000025
_consumeTipo                     bssCOMRAM    000024
_crearAnimal                     text62       001BAA
_dateTimeOk                      text60       000188
_dateTimeReady                   bssCOMRAM    000035
_dato                            bssCOMRAM    00000D
_dia                             bssCOMRAM    00003A
_eepromEnqueue                   text65       001D0C
_eepromWriteHMS                  text64       001CDE
_esperaMs                        text114      001F0E
_estado                          bssCOMRAM    00000E
_estado@SIO2$F382                bssCOMRAM    000046
_estat                           bssCOMRAM    00003C
_estat@PRODUCTS$F1435            bssCOMRAM    000028
_farmNameSrc                     bssCOMRAM    000032
_findAnimalIndex                 text30       001096
_frase_actual                    bssBANK0     0000D2
_gameStart                       bssCOMRAM    00002F
_gameStart@PRODUCTS$F1438        bssCOMRAM    000027
_getCharSioManual                text75       000198
_getCmdReady                     text44       000180
_getCommand                      text43       0000C2
_getData                         text49       0000CC
_getFarmName                     text103      000108
_getFarmNameReady                text48       00005C
_getNumHuevos                    text29       000174
_getNumLlet                      text28       000170
_getNumPernil                    text27       00012E
_getNumPinzells                  text26       00016C
_getNumTotalAnimals              text31       000178
_getNumUltimoAnimal              text102      0001C0
_getNumUltimoProducto            text101      0001BC
_getSleep                        text25       000168
_getTipusUltimoAnimal            text100      0001B8
_getTipusUltimoProducto          text99       0001B4
_handle_GetAnimals               text21       0014A2
_handles                         smallconst   00021C
_hayNuevoAnimal                  text98       0001B0
_hayNuevoProducto                text97       0001AC
_head                            bssCOMRAM    000050
_head@SIO2$F377                  bssCOMRAM    00004A
_head@TTL_MANUAL_SEND$F1809      bssCOMRAM    00000C
_heartBeat                       dataCOMRAM   00007A
_hora                            bssCOMRAM    000038
_i                               bssCOMRAM    00001A
_incrementarTiempo               text74       001B3A
_index                           bssCOMRAM    00000A
_initInterrupts                  text89       0000B6
_initPorts                       text88       001FDC
_initTimers                      text86       001E5C
_lightValue                      bssBANK0     0000DC
_main                            text0        0018A0
_mes                             bssCOMRAM    000039
_min                             bssCOMRAM    000037
_motorADC                        text79       000BD6
_motorButton                     text77       00160E
_motorDataTime                   text71       000E60
_motorEEprom                     text70       00196E
_motorFarm                       text61       00125E
_motorGame                       text56       001834
_motorHeartBeat                  text55       0019CA
_motorInitialize                 text45       00085E
_motorParseCommand               text15       000F80
_motorProducts                   text14       000A48
_motorRecieveCommand             text11       00118C
_motorSIO                        text6        00062A
_motorSIO$528                    cstackCOMRAM 000060
_motorSIO$534                    cstackCOMRAM 000063
_motorSIORecieve                 text3        00132A
_motorSIOSend                    text1        000D1C
_msgActual                       bssCOMRAM    000001
_msgSimple                       smallconst   000201
_nameFarm                        bssBANK1     000192
_newChar                         bssCOMRAM    000011
_nextHead                        text82       00011A
_nuevoAnimal                     bssCOMRAM    00002E
_nuevoAnimalNum                  bssCOMRAM    00002C
_nuevoProducto                   bssCOMRAM    000023
_numAnimals                      bssCOMRAM    000033
_numPorTipo                      bssBANK0     0000C3
_numStr                          bssBANK0     0000CB
_numUltimoProducto               bssCOMRAM    000021
_ok_recive                       dataCOMRAM   00007C
_ok_transmit                     dataCOMRAM   00007B
_pop                             text96       001C7E
_productos                       bssBANK0     0000BF
_qHead                           bssCOMRAM    000008
_qTail                           bssCOMRAM    000007
_q_size                          bssCOMRAM    000051
_rebelion                        bssCOMRAM    000026
_resetCommand                    text47       001FF0
_resetDataTime                   text40       00017C
_resetFarm                       text39       001F72
_resetGame                       text38       000134
_resetNuevoAnimal                text95       0001A8
_resetNuevoProducto              text94       0001A4
_resetProducts                   text37       001ED8
_rx_dato                         bssCOMRAM    000012
_s0                              smallconst   00023E
_s1                              smallconst   000226
_s2                              smallconst   000279
_s3                              smallconst   000259
_s4                              smallconst   000274
_s5                              smallconst   000268
_s6                              smallconst   00026F
_s7                              smallconst   00027E
_s8                              smallconst   000261
_s9                              smallconst   000251
_seg                             bssCOMRAM    000036
_sendNum                         text8        0013E6
_sendStr                         text7        001AFC
_setStartFarm                    text59       00014C
_setStartProducts                text58       000146
_setTempsFarmsOk                 text46       000140
_si                              bssCOMRAM    000048
_sleep                           bssCOMRAM    000044
_sleepReset                      text20       000164
_start                           bssCOMRAM    00003D
_startGameOk                     text93       0001A0
_startHeartBeat                  text19       000128
_startInitialize                 bssCOMRAM    000018
_startRebelion                   text18       000122
_startSetFarmName                bssCOMRAM    000031
_stopHeartBeat                   text17       000160
_stopRebelion                    text16       00015C
_subestado                       bssCOMRAM    000047
_tail                            bssCOMRAM    00004F
_tail@SIO2$F378                  bssCOMRAM    000049
_tail@TTL_MANUAL_SEND$F1810      bssCOMRAM    00000B
_tempsFarmReady                  bssCOMRAM    000030
_tempsFarmsOk                    text57       000184
_tiempos                         smallconst   00020C
_tipusUltimoAnimal               bssCOMRAM    00002D
_tipusUltimoProducto             bssCOMRAM    000022
_tmpNum                          bssBANK0     0000E1
_tmpNumReady                     bssCOMRAM    000045
_totalAnimals                    bssCOMRAM    000019
_uartTX                          text72       001F88
_wait5sec                        dataCOMRAM   00007D
_writeAddr                       bssBANK0     000097
_writeVal                        bssBANK0     00008F
addMsgToQueue@n                  cstackCOMRAM 000052
btemp                            temp         00007F
cantaByte@rs                     cstackCOMRAM 000061
cantaByte@val                    cstackCOMRAM 000062
cantaNibble@c                    cstackCOMRAM 000053
consume@tipo                     cstackCOMRAM 000052
crearAnimal@tipus                cstackCOMRAM 000059
eepromEnqueue@addr               cstackCOMRAM 000053
eepromEnqueue@next               cstackCOMRAM 000054
eepromEnqueue@val                cstackCOMRAM 000052
eepromWriteHMS@base              cstackCOMRAM 000055
end_of_initialization            cinit        0017AA
esperaMs@ms                      cstackCOMRAM 00005F
findAnimalIndex@an               cstackCOMRAM 000064
findAnimalIndex@count            cstackCOMRAM 00006C
findAnimalIndex@data             cstackCOMRAM 000060
findAnimalIndex@j                cstackCOMRAM 00006F
findAnimalIndex@k                cstackCOMRAM 00006E
findAnimalIndex@num              cstackCOMRAM 00006A
findAnimalIndex@tipus            cstackCOMRAM 00006D
findAnimalIndex@total            cstackCOMRAM 00006B
handle_GetAnimals@an             cstackCOMRAM 000069
handle_GetAnimals@estat          cstackCOMRAM 000066
handle_GetAnimals@k              cstackCOMRAM 000068
handle_GetAnimals@numero         cstackCOMRAM 000067
initTimers@i                     cstackCOMRAM 000068
initTimers@timer                 cstackCOMRAM 000055
int$flags                        temp         00007F
intlevel0                        text         000000
intlevel1                        text         000000
intlevel2                        text         000000
intlevel3                        text         000000
isa$std                          (abs)        000001
isa$xinst                        (abs)        000000
motorADC@blockDown               bssCOMRAM    00003E
motorADC@blockLeft               bssCOMRAM    000041
motorADC@blockRight              bssCOMRAM    000040
motorADC@blockUp                 bssCOMRAM    00003F
motorADC@canal                   bssCOMRAM    000042
motorADC@estat                   bssCOMRAM    000043
motorADC@joystickX               bssBANK0     0000D8
motorADC@joystickY               bssBANK0     0000D6
motorADC@valor                   bssBANK0     0000DA
motorButton@estat                bssCOMRAM    00003B
motorDataTime@c                  cstackCOMRAM 00005F
motorDataTime@i                  bssCOMRAM    000034
motorEEprom@estat                bssCOMRAM    000006
motorFarm@estat                  bssCOMRAM    00002B
motorFarm@i                      bssCOMRAM    00002A
motorFarm@t                      bssCOMRAM    000029
motorHeartBeat@duty              bssCOMRAM    000004
motorHeartBeat@estat             bssCOMRAM    000005
motorHeartBeat@pwm_tick          bssCOMRAM    000003
motorInitialize@data             cstackCOMRAM 000058
motorInitialize@estat            bssCOMRAM    000017
motorInitialize@fi               bssCOMRAM    000016
motorInitialize@field            bssBANK0     0000E2
motorInitialize@field_num        bssCOMRAM    000015
motorInitialize@i                bssCOMRAM    000014
motorInitialize@result           bssBANK0     0000D4
motorInitialize@scaled           cstackCOMRAM 00005A
motorInitialize@si               bssCOMRAM    000013
motorParseCommand@cmd            cstackCOMRAM 000073
motorParseCommand@idx            cstackCOMRAM 000072
motorProducts@a                  cstackCOMRAM 000068
motorProducts@awake              cstackCOMRAM 000067
motorProducts@i                  bssCOMRAM    000020
motorProducts@t                  cstackCOMRAM 00006E
motorProducts@tipusActual        bssCOMRAM    00001F
motorRecieveCommand@c            bssCOMRAM    00001C
motorRecieveCommand@estat        bssCOMRAM    00001D
motorRecieveCommand@i            bssCOMRAM    00001B
motorSIO@s                       cstackCOMRAM 000062
motorSIO@t                       cstackCOMRAM 000064
motorSIO@tipo                    cstackCOMRAM 000065
motorSIORecieve@bit_pos          bssCOMRAM    00000F
motorSIORecieve@estado           bssCOMRAM    000010
motorSIOSend@bit_pos             bssCOMRAM    000009
nextHead@h                       cstackCOMRAM 000052
pop@n                            cstackCOMRAM 000055
resetProducts@i                  cstackCOMRAM 000052
sendNum@i                        cstackCOMRAM 00005D
sendNum@n                        cstackCOMRAM 00005C
sendNum@nextSub                  cstackCOMRAM 00005A
sendNum@terminator               cstackCOMRAM 00005B
sendStr@nextSub                  cstackCOMRAM 000054
sendStr@str                      cstackCOMRAM 000053
stackhi                          (abs)        000000
stacklo                          (abs)        000000
start                            init         000014
start_initialization             cinit        00173C
ttemp5                           temp         000080
ttemp6                           temp         000083
ttemp7                           temp         000087
uartTX@d                         cstackCOMRAM 000055
uartTX@tmp                       bssBANK0     0000FC
wtemp8                           temp         000080


MODULE INFORMATION

Module		Function		Class		Link	Load	Size
LED2.c
		_stopHeartBeat 		CODE           	0160	0000	4
		_startHeartBeat		CODE           	0128	0000	6
		_motorHeartBeat		CODE           	19CA	0000	82

LED2.c estimated size: 92

ADC2.c
		_AD_HiHaMostra 		CODE           	00AA	0000	12
		_getSleep      		CODE           	0168	0000	4
		_AD_Init       		CODE           	1F5A	0000	24
		_AD_IniciaConversio		CODE           	019C	0000	4
		_sleepReset    		CODE           	0164	0000	4
		_AD_GetMostra  		CODE           	006A	0000	14
		_motorADC      		CODE           	0BD6	0000	326

ADC2.c estimated size: 388

DATA_TIME.c
		_motorDataTime 		CODE           	0E60	0000	288
		_DT_GetMin     		CODE           	0190	0000	4
		_DT_GetMes     		CODE           	01C4	0000	4
		_DT_GetSeg     		CODE           	018C	0000	4
		_resetDataTime 		CODE           	017C	0000	4
		_incrementarTiempo		CODE           	1B3A	0000	56
		_dateTimeOk    		CODE           	0188	0000	4
		_DT_GetHora    		CODE           	0194	0000	4
		_DT_GetDia     		CODE           	01C8	0000	4

DATA_TIME.c estimated size: 372

C:\Program Files\Microchip\xc8\v3.00\pic\sources\c99\common\lbdiv.c
		___lbdiv       		CODE           	1B72	0000	56

C:\Program Files\Microchip\xc8\v3.00\pic\sources\c99\common\lbdiv.c estimated size: 56

PRODUCTS.c
		_resetNuevoProducto		CODE           	01A4	0000	4
		_resetProducts 		CODE           	1ED8	0000	28
		_getNumUltimoProducto		CODE           	01BC	0000	4
		_consume       		CODE           	009E	0000	12
		_getNumHuevos  		CODE           	0174	0000	4
		_hayNuevoProducto		CODE           	01AC	0000	4
		_stopRebelion  		CODE           	015C	0000	4
		_setStartProducts		CODE           	0146	0000	6
		_startRebelion 		CODE           	0122	0000	6
		_getNumPernil  		CODE           	012E	0000	6
		_getTipusUltimoProducto		CODE           	01B4	0000	4
		_motorProducts 		CODE           	0A48	0000	398
		_getNumLlet    		CODE           	0170	0000	4
		_getNumPinzells		CODE           	016C	0000	4

PRODUCTS.c estimated size: 488

TTL_MANUAL_RECIEVE.c
		_motorSIORecieve		CODE           	132A	0000	188
		_charRecivedSioManual		CODE           	003E	0000	16
		_HanPasado624us		CODE           	1E9C	0000	30
		_HanPasado416us		CODE           	1EBA	0000	30
		_getCharSioManual		CODE           	0198	0000	4

TTL_MANUAL_RECIEVE.c estimated size: 268

TIMER2.c
		_TI_ResetTics  		CODE           	1E12	0000	40
		_TI_NewTimer   		CODE           	1A6C	0000	74
		_RSI_Timer0    		CODE           	1F28	0000	26
		_TI_Init       		CODE           	1D3A	0000	46
		_TI_GetTics    		CODE           	1A1C	0000	80

TIMER2.c estimated size: 266

EEPROM.c
		_motorEEprom   		CODE           	196E	0000	92
		_eepromEnqueue 		CODE           	1D0C	0000	46
		_EEPROM_IsBusy 		CODE           	1FC8	0000	20
		_EEPROM_ReadAnimal		CODE           	1908	0000	102
		_eepromWriteHMS		CODE           	1CDE	0000	46
		_EEPROM_WriteAnimal		CODE           	1BE0	0000	54
		_EEPROM_WriteAnimalSleep		CODE           	004E	0000	14
		_EEPROM_GetEstat		CODE           	16B0	0000	140

EEPROM.c estimated size: 514

LcTLCD.c
		_LcPutChar     		CODE           	0078	0000	14
		_esperaMs      		CODE           	1F0E	0000	26
		_LcGotoXY      		CODE           	1DEA	0000	40
		_addMsgToQueue 		CODE           	1D68	0000	46
		_LcClear       		CODE           	1F42	0000	24
		_pop           		CODE           	1C7E	0000	50
		_cantaByte     		CODE           	1AB6	0000	70
		_LcInit        		CODE           	1558	0000	182
		_MotorLCD      		CODE           	02BE	0000	876
		_cantaNibble   		CODE           	1F9E	0000	22

LcTLCD.c estimated size: 1350

shared
		_handles       		SMALLCONST     	021C	0000	4
		_NOMS          		SMALLCONST     	0214	0000	8
		_HEADS         		SMALLCONST     	0224	0000	2
		_DATE_ERROR    		SMALLCONST     	0233	0000	11
		_DATE_TIME_OK  		SMALLCONST     	0249	0000	8
		_animalStr     		SMALLCONST     	0220	0000	4
		_s0            		SMALLCONST     	023E	0000	11
		_s1            		SMALLCONST     	0226	0000	13
		_s2            		SMALLCONST     	0279	0000	5
		_s3            		SMALLCONST     	0259	0000	8
		_s4            		SMALLCONST     	0274	0000	5
		_s5            		SMALLCONST     	0268	0000	7
		_s6            		SMALLCONST     	026F	0000	5
		_s7            		SMALLCONST     	027E	0000	3
		__initialization		CODE           	173C	0000	110
		_s8            		SMALLCONST     	0261	0000	7
		_s9            		SMALLCONST     	0251	0000	8
		_tiempos       		SMALLCONST     	020C	0000	8
		_msgSimple     		SMALLCONST     	0201	0000	11

shared estimated size: 238

game.c
		_resetGame     		CODE           	0134	0000	6
		_startGameOk   		CODE           	01A0	0000	4
		_motorGame     		CODE           	1834	0000	108

game.c estimated size: 118

DO_COMMAND.c
		_DO_Reset      		CODE           	1EF4	0000	26
		_motorParseCommand		CODE           	0F80	0000	278
		_COMMAND_Parse 		CODE           	17B8	0000	124
		_findAnimalIndex		CODE           	1096	0000	246
		_handle_GetAnimals		CODE           	14A2	0000	182

DO_COMMAND.c estimated size: 856

COMMANDS.c
		_motorRecieveCommand		CODE           	118C	0000	210
		_getData       		CODE           	00CC	0000	10
		_resetCommand  		CODE           	1FF0	0000	16
		_getCommand    		CODE           	00C2	0000	10
		_getCmdReady   		CODE           	0180	0000	4

COMMANDS.c estimated size: 250

FARM.c
		_DO_SetHorseTime		CODE           	00E0	0000	10
		_setTempsFarmsOk		CODE           	0140	0000	6
		_DO_SetPigTime 		CODE           	00D6	0000	10
		_getNumTotalAnimals		CODE           	0178	0000	4
		_DO_SetCowTime 		CODE           	00FE	0000	10
		_getFarmName   		CODE           	0108	0000	10
		_setStartFarm  		CODE           	014C	0000	6
		_getFarmNameReady		CODE           	005C	0000	14
		_DO_SetFarmName		CODE           	00F4	0000	10
		_tempsFarmsOk  		CODE           	0184	0000	4
		_resetNuevoAnimal		CODE           	01A8	0000	4
		_hayNuevoAnimal		CODE           	01B0	0000	4
		_motorFarm     		CODE           	125E	0000	204
		_getTipusUltimoAnimal		CODE           	01B8	0000	4
		_getNumUltimoAnimal		CODE           	01C0	0000	4
		_DO_SetHenTime 		CODE           	00EA	0000	10
		_resetFarm     		CODE           	1F72	0000	22
		_crearAnimal   		CODE           	1BAA	0000	54

FARM.c estimated size: 390

SELECT_BUTTON.c
		_buttonPressed 		CODE           	0112	0000	8
		_motorButton   		CODE           	160E	0000	162

SELECT_BUTTON.c estimated size: 170

TTL_MANUAL_SEND.c
		_uartTX        		CODE           	1F88	0000	22
		_SIO_Manual_SetFrase		CODE           	1D96	0000	44
		_HanPasado208usTX		CODE           	1E7E	0000	30
		_motorSIOSend  		CODE           	0D1C	0000	324

TTL_MANUAL_SEND.c estimated size: 420

C:\Program Files\Microchip\xc8\v3.00\pic\sources\c99\common\lbmod.c
		___lbmod       		CODE           	1DC2	0000	40

C:\Program Files\Microchip\xc8\v3.00\pic\sources\c99\common\lbmod.c estimated size: 40

main.c
		_main          		CODE           	18A0	0000	104
		_initPorts     		CODE           	1FDC	0000	20
		_initInterrupts		CODE           	00B6	0000	12
		_initTimers    		CODE           	1E5C	0000	34
		_MyRSI         		CODE           	0008	0000	12

main.c estimated size: 182

INITIALIZE.c
		_motorInitialize		CODE           	085E	0000	490
		_DO_Initialize 		CODE           	013A	0000	6

INITIALIZE.c estimated size: 496

SIO2.c
		_SIO_HasSpace  		CODE           	1FB4	0000	20
		_SIO_SendSimple		CODE           	1E3A	0000	34
		_SIO_SendDataProducts		CODE           	1C4C	0000	50
		_SIO_RXAvail   		CODE           	0092	0000	12
		_SIO_SendDataAnimal		CODE           	1CB0	0000	46
		_sendStr       		CODE           	1AFC	0000	62
		_nextHead      		CODE           	011A	0000	8
		_sendNum       		CODE           	13E6	0000	188
		_motorSIO      		CODE           	062A	0000	564
		_SIO_TXAvail   		CODE           	0086	0000	12
		_SIO_Init      		CODE           	0018	0000	20
		_SIO_GetChar   		CODE           	0158	0000	4
		_SIO_SetMsg    		CODE           	1C16	0000	54
		_SIO_PutChar   		CODE           	002C	0000	18

SIO2.c estimated size: 1092

